<?xml version="1.0" encoding="UTF-8"?>
<testsuites name="VibeMeterTests" tests="1" failures="1">
  <testsuite name="VibeMeterTests" tests="1" failures="1">
    <testcase name="SwiftTestingSuite" classname="VibeMeterTests">
    </testcase>
  </testsuite>
</testsuites>
